// Jest Snapshot v1, https://goo.gl/fbAQLP

exports[`Parser.pausePoints calls 1`] = `
"/*bs 1*/foo(/*2*/1, /*3*/'2', /*bs 4*/bar())

/*bs 5*/foo()
  ./*bs 6*/bar()
  ./*bs 7*/bazz()

/*bs 8*/console./*bs 9*/log(/*10*/'yo')

/*bs 11*/foo(
  /*12*/1,
  /*bs 13*/bar()
)

var /*bs 14*/a = 3;

// set a step point at the first call expression in step expressions
var /*15*/x = { /*16*/a: /*bs 17*/a(), /*18*/b: /*b 19*/b(), /*20*/c: /*b 21*/c() };
var /*22*/b = /*23*/[ /*bs 24*/foo() ];
/*25*/[ /*bs 26*/a(), /*b 27*/b(), /*b 28*/c() ];
(/*29*/1, /*bs 30*/a(), /*b 31*/b());
/*bs 32*/x(/*33*/1, /*bs 34*/a(), /*b 35*/b());
"
`;

exports[`Parser.pausePoints control-flow 1`] = `
"
/*1*/if (/*bs 2*/x) /*3*/{
  /*bs 4*/foo();
}
else /*5*/if (/*bs 6*/y) /*7*/{
  /*bs 8*/foo();
}
else /*9*/{
  /*bs 10*/foo();
}

/*bs 11*/for (var /*bs 12*/i=0; /*bs 13*/i< 5; i++ ) /*14*/{
  /*bs 15*/foo();
}

/*16*/while (/*bs 17*/x) /*18*/{
  /*bs 19*/foo();
}

/*20*/switch (/*bs 21*/c) {
  /*22*/case /*bs 23*/a:
    /*bs 24*/console./*bs 25*/log(/*26*/'hi')
}

var /*bs 27*/a = 3;

/*bs 28*/for (const /*bs 29*/val of /*30*/[/*31*/1, /*32*/2]) /*33*/{
  /*bs 34*/console./*bs 35*/log(/*36*/\\"pause again\\", /*37*/val);
}

/*bs 38*/for (const /*bs 39*/val of vals) /*40*/{
  /*bs 41*/console./*bs 42*/log(/*43*/\\"pause again\\", /*44*/val);
}

/*45*/try /*46*/{
} catch (e) /*47*/{
}

/*48*/with (e) /*49*/{}
"
`;

exports[`Parser.pausePoints decorators 1`] = `
"/*bs 1*/@annotation
class MyClass { }
"
`;

exports[`Parser.pausePoints flow 1`] = `
"/*bs 1*/class App extends Component {
  /*b 2*/renderHello(name: string, action: ReduxAction, { /*3*/todos }: Props) /*4*/{
    /*bs 5*/return \`howdy \${name}\`;
  /*6*/}
}
"
`;

exports[`Parser.pausePoints func 1`] = `
"/*b 1*/function square(n) /*2*/{
  /*bs 3*/return n * n;
/*4*/}

/*bs 5*/export /*b 6*/function exFoo() /*7*/{
  /*bs 8*/return \\"yay\\";
/*9*/}

/*b 10*/async function slowFoo() /*11*/{
  /*bs 12*/return \\"meh\\";
/*13*/}

/*bs 14*/export /*b 15*/async function exSlowFoo() /*16*/{
  /*bs 17*/return \\"yay in a bit\\";
/*18*/}

/*b 19*/function ret() /*20*/{
  /*21*/return /*bs 22*/foo();
/*23*/}

/*bs 24*/child = /*b 25*/function() /*26*/{/*27*/};

/*bs 28*/(/*b 29*/function() /*30*/{
  2;
/*31*/})();

const /*bs 32*/obj = {
  /*33*/foo: /*b 34*/function name() /*35*/{
    2 + 2;
  /*36*/},

  /*b 37*/bar() /*38*/{
    2 + 2;
  /*39*/}
};

/*bs 40*/export default /*b 41*/function root() /*42*/{
/*43*/}

/*b 44*/function test(a1, /*45*/a2 = 45, /*46*/{ /*47*/a3, /*48*/a4, /*49*/a5: /*bs 50*/{ /*51*/a6: /*52*/a7 } = {} } = {}) /*53*/{
  /*bs 54*/console./*bs 55*/log(/*56*/\\"pause next here\\");
/*57*/}

/*b 58*/() => (/*bs 59*/x = 4/*60*/);

/*b 61*/function ret2() /*62*/{
  /*bs 63*/return (
    /*bs 64*/foo()
  );
/*65*/}
"
`;

exports[`Parser.pausePoints html 1`] = `
"<html>
<head>
	<script type=\\"text/javascript\\">
		var /*bs 1*/globalObject = {
			/*2*/first: /*3*/\\"name\\",
			/*4*/last: /*5*/\\"words\\"
		};
		/*b 6*/function sayHello (name) /*7*/{
			/*bs 8*/return \`Hello, \${name}!\`;
		/*9*/}
	</script>
	<style>
		BODY {
			font-size: 48px;
			color: rebeccapurple;
		}
	</style>
</head>
<body>
	<h1>Testing Script Tags in HTML</h1>
	<script>
		const /*bs 10*/capitalize = /*b 11*/name => /*12*/{
			/*bs 13*/return /*bs 14*/name[0]./*bs 15*/toUpperCase() + /*bs 16*/name./*bs 17*/substring(/*18*/1)
		/*19*/};
		const /*20*/greetAll = /*21*/[/*22*/\\"my friend\\", /*23*/\\"buddy\\", /*24*/\\"world\\"]
			./*bs 25*/map(/*26*/capitalize)
			./*bs 27*/map(/*28*/sayHello)
			./*bs 29*/join(/*30*/\\"\\\\n\\");

		/*bs 31*/globalObject.greetings = greetAll;
	</script>
	<p>
		Some arbitrary intermediate content to affect the offsets of the scripts
	</p>
	<script>
		/*bs 32*/(/*b 33*/function iife() /*34*/{
			const /*35*/greeting = /*bs 36*/sayHello(/*37*/\\"Ryan\\");
			/*bs 38*/console./*bs 39*/log(/*40*/greeting);
		/*41*/})();
	</script>
</body>
</html>
"
`;

exports[`Parser.pausePoints jsx 1`] = `
"const /*1*/jsxElement = /*bs 2*/<h1>/*3*/ Hi ! I'm here ! /*4*/</h1>;

/*bs 5*/<div id=\\"3\\" res={/*b 6*/foo()}>/*7*/
  /*b 8*/<Item>/*9*/{/*bs 10*/foo()}/*11*/</Item>/*12*/
/*13*/</div>
"
`;

exports[`Parser.pausePoints modules 1`] = `
"/*bs 1*/import {x} from \\"y\\"
/*bs 2*/import z from \\"y\\";

/*bs 3*/export /*bs 4*/class AppComponent {
  /*b 5*/title = 'app'
}

/*bs 6*/export default /*bs 7*/class AppComponent {
  /*b 8*/title = 'app'
}
"
`;

exports[`Parser.pausePoints statements 1`] = `
"/*bs 1*/debugger; /*bs 2*/debugger;
/*bs 3*/console./*bs 4*/log(/*5*/\\"a\\"); /*bs 6*/console./*bs 7*/log(/*8*/\\"a\\");

// assignments with valid pause locations
/*bs 9*/this.x = 3;
var /*bs 10*/a = 4;
var /*11*/d = /*12*/[/*bs 13*/foo()]
var /*bs 14*/f = 3, /*bs 15*/e = 4;
var /*bs 16*/g = /*17*/[], /*bs 18*/h = {};

// assignments with invalid pause locations
var /*19*/b = /*bs 20*/foo();
/*21*/c = /*bs 22*/foo();


const /*23*/arr = /*24*/[
  /*25*/'1',
  /*26*/2,
  /*bs 27*/foo()
]

const /*28*/obj = {
  /*29*/a: /*30*/'1',
  /*31*/b: /*32*/2,
  /*33*/c: /*bs 34*/foo(),
}

/*bs 35*/foo(
  /*36*/1,
  /*bs 37*/foo(
    /*38*/1
  ),
  /*39*/3
)

/*bs 40*/throw new Error(\\"3\\");
3;

/*41*/while (/*bs 42*/i < 6) /*43*/{ /*bs 44*/break }
/*45*/while (/*bs 46*/i < 6) /*47*/{ /*bs 48*/continue;}
"
`;
